<?xml version="1.0" encoding="ISO-8859-1" ?>
<link_info>
   <banner>TI ARM Linker PC v20.2.6.LTS</banner>
   <copyright>Copyright (c) 1996-2018 Texas Instruments Incorporated</copyright>
   <link_time>0x61f961e3</link_time>
   <link_errors>0x0</link_errors>
   <output_file>freertos_SEmb.out</output_file>
   <entry_point>
      <name>_c_int00_noargs</name>
      <address>0x32ed</address>
   </entry_point>
   <input_file_list>
      <input_file id="fl-2">
         <path>.\</path>
         <kind>object</kind>
         <file>Active_State.obj</file>
         <name>Active_State.obj</name>
      </input_file>
      <input_file id="fl-3">
         <path>.\</path>
         <kind>object</kind>
         <file>Config_State.obj</file>
         <name>Config_State.obj</name>
      </input_file>
      <input_file id="fl-4">
         <path>.\</path>
         <kind>object</kind>
         <file>I2C_Sensor.obj</file>
         <name>I2C_Sensor.obj</name>
      </input_file>
      <input_file id="fl-5">
         <path>.\</path>
         <kind>object</kind>
         <file>Init_System.obj</file>
         <name>Init_System.obj</name>
      </input_file>
      <input_file id="fl-6">
         <path>.\</path>
         <kind>object</kind>
         <file>KEYBOARD.obj</file>
         <name>KEYBOARD.obj</name>
      </input_file>
      <input_file id="fl-7">
         <path>.\</path>
         <kind>object</kind>
         <file>LCD.obj</file>
         <name>LCD.obj</name>
      </input_file>
      <input_file id="fl-8">
         <path>.\</path>
         <kind>object</kind>
         <file>PWM.obj</file>
         <name>PWM.obj</name>
      </input_file>
      <input_file id="fl-9">
         <path>.\</path>
         <kind>object</kind>
         <file>State_Machine.obj</file>
         <name>State_Machine.obj</name>
      </input_file>
      <input_file id="fl-a">
         <path>.\</path>
         <kind>object</kind>
         <file>freertos_demo.obj</file>
         <name>freertos_demo.obj</name>
      </input_file>
      <input_file id="fl-b">
         <path>.\</path>
         <kind>object</kind>
         <file>startup_ccs.obj</file>
         <name>startup_ccs.obj</name>
      </input_file>
      <input_file id="fl-c">
         <path>.\third_party\FreeRTOS\Source\</path>
         <kind>object</kind>
         <file>list.obj</file>
         <name>list.obj</name>
      </input_file>
      <input_file id="fl-d">
         <path>.\third_party\FreeRTOS\Source\</path>
         <kind>object</kind>
         <file>queue.obj</file>
         <name>queue.obj</name>
      </input_file>
      <input_file id="fl-e">
         <path>.\third_party\FreeRTOS\Source\</path>
         <kind>object</kind>
         <file>tasks.obj</file>
         <name>tasks.obj</name>
      </input_file>
      <input_file id="fl-f">
         <path>.\third_party\FreeRTOS\Source\portable\CCS\ARM_CM4F\</path>
         <kind>object</kind>
         <file>port.obj</file>
         <name>port.obj</name>
      </input_file>
      <input_file id="fl-10">
         <path>.\third_party\FreeRTOS\Source\portable\CCS\ARM_CM4F\</path>
         <kind>object</kind>
         <file>portasm.obj</file>
         <name>portasm.obj</name>
      </input_file>
      <input_file id="fl-11">
         <path>.\third_party\FreeRTOS\Source\portable\MemMang\</path>
         <kind>object</kind>
         <file>heap_2.obj</file>
         <name>heap_2.obj</name>
      </input_file>
      <input_file id="fl-12">
         <path>.\utils\</path>
         <kind>object</kind>
         <file>uartstdio.obj</file>
         <name>uartstdio.obj</name>
      </input_file>
      <input_file id="fl-13">
         <path>.\utils\</path>
         <kind>object</kind>
         <file>ustdlib.obj</file>
         <name>ustdlib.obj</name>
      </input_file>
      <input_file id="fl-18">
         <kind>object</kind>
         <file>&lt;internal&gt;</file>
         <name>&lt;internal&gt;</name>
      </input_file>
      <input_file id="fl-ce">
         <path>C:\ti\ccs1100\ccs\tools\compiler\ti-cgt-arm_20.2.6.LTS\lib\</path>
         <kind>archive</kind>
         <file>rtsv7M4_T_le_v4SPD16_eabi.lib</file>
         <name>memcpy_t2.asm.obj</name>
      </input_file>
      <input_file id="fl-cf">
         <path>C:\ti\ccs1100\ccs\tools\compiler\ti-cgt-arm_20.2.6.LTS\lib\</path>
         <kind>archive</kind>
         <file>rtsv7M4_T_le_v4SPD16_eabi.lib</file>
         <name>memset_t2.asm.obj</name>
      </input_file>
      <input_file id="fl-d0">
         <path>C:\ti\ccs1100\ccs\tools\compiler\ti-cgt-arm_20.2.6.LTS\lib\</path>
         <kind>archive</kind>
         <file>rtsv7M4_T_le_v4SPD16_eabi.lib</file>
         <name>u_divt2.asm.obj</name>
      </input_file>
      <input_file id="fl-d1">
         <path>C:\ti\ccs1100\ccs\tools\compiler\ti-cgt-arm_20.2.6.LTS\lib\</path>
         <kind>archive</kind>
         <file>rtsv7M4_T_le_v4SPD16_eabi.lib</file>
         <name>copy_zero_init.c.obj</name>
      </input_file>
      <input_file id="fl-d2">
         <path>C:\ti\ccs1100\ccs\tools\compiler\ti-cgt-arm_20.2.6.LTS\lib\</path>
         <kind>archive</kind>
         <file>rtsv7M4_T_le_v4SPD16_eabi.lib</file>
         <name>copy_decompress_none.c.obj</name>
      </input_file>
      <input_file id="fl-d3">
         <path>C:\ti\ccs1100\ccs\tools\compiler\ti-cgt-arm_20.2.6.LTS\lib\</path>
         <kind>archive</kind>
         <file>rtsv7M4_T_le_v4SPD16_eabi.lib</file>
         <name>copy_decompress_lzss.c.obj</name>
      </input_file>
      <input_file id="fl-d4">
         <path>C:\ti\ccs1100\ccs\tools\compiler\ti-cgt-arm_20.2.6.LTS\lib\</path>
         <kind>archive</kind>
         <file>rtsv7M4_T_le_v4SPD16_eabi.lib</file>
         <name>atoi.c.obj</name>
      </input_file>
      <input_file id="fl-d5">
         <path>C:\ti\ccs1100\ccs\tools\compiler\ti-cgt-arm_20.2.6.LTS\lib\</path>
         <kind>archive</kind>
         <file>rtsv7M4_T_le_v4SPD16_eabi.lib</file>
         <name>ctype.c.obj</name>
      </input_file>
      <input_file id="fl-d6">
         <path>C:\ti\ccs1100\ccs\tools\compiler\ti-cgt-arm_20.2.6.LTS\lib\</path>
         <kind>archive</kind>
         <file>rtsv7M4_T_le_v4SPD16_eabi.lib</file>
         <name>ltoa.c.obj</name>
      </input_file>
      <input_file id="fl-d7">
         <path>C:\ti\ccs1100\ccs\tools\compiler\ti-cgt-arm_20.2.6.LTS\lib\</path>
         <kind>archive</kind>
         <file>rtsv7M4_T_le_v4SPD16_eabi.lib</file>
         <name>strcpy.c.obj</name>
      </input_file>
      <input_file id="fl-d8">
         <path>C:\ti\ccs1100\ccs\tools\compiler\ti-cgt-arm_20.2.6.LTS\lib\</path>
         <kind>archive</kind>
         <file>rtsv7M4_T_le_v4SPD16_eabi.lib</file>
         <name>boot_cortex_m.c.obj</name>
      </input_file>
      <input_file id="fl-d9">
         <path>C:\ti\ccs1100\ccs\tools\compiler\ti-cgt-arm_20.2.6.LTS\lib\</path>
         <kind>archive</kind>
         <file>rtsv7M4_T_le_v4SPD16_eabi.lib</file>
         <name>div0.asm.obj</name>
      </input_file>
      <input_file id="fl-da">
         <path>C:\ti\ccs1100\ccs\tools\compiler\ti-cgt-arm_20.2.6.LTS\lib\</path>
         <kind>archive</kind>
         <file>rtsv7M4_T_le_v4SPD16_eabi.lib</file>
         <name>autoinit.c.obj</name>
      </input_file>
      <input_file id="fl-db">
         <path>C:\ti\ccs1100\ccs\tools\compiler\ti-cgt-arm_20.2.6.LTS\lib\</path>
         <kind>archive</kind>
         <file>rtsv7M4_T_le_v4SPD16_eabi.lib</file>
         <name>pre_init.c.obj</name>
      </input_file>
      <input_file id="fl-dc">
         <path>C:\ti\ccs1100\ccs\tools\compiler\ti-cgt-arm_20.2.6.LTS\lib\</path>
         <kind>archive</kind>
         <file>rtsv7M4_T_le_v4SPD16_eabi.lib</file>
         <name>cpy_tbl.c.obj</name>
      </input_file>
      <input_file id="fl-dd">
         <path>C:\ti\ccs1100\ccs\tools\compiler\ti-cgt-arm_20.2.6.LTS\lib\</path>
         <kind>archive</kind>
         <file>rtsv7M4_T_le_v4SPD16_eabi.lib</file>
         <name>exit.c.obj</name>
      </input_file>
      <input_file id="fl-de">
         <path>C:\ti\ccs1100\ccs\tools\compiler\ti-cgt-arm_20.2.6.LTS\lib\</path>
         <kind>archive</kind>
         <file>rtsv7M4_T_le_v4SPD16_eabi.lib</file>
         <name>_lock.c.obj</name>
      </input_file>
      <input_file id="fl-df">
         <path>C:\ti\ccs1100\ccs\tools\compiler\ti-cgt-arm_20.2.6.LTS\lib\</path>
         <kind>archive</kind>
         <file>rtsv7M4_T_le_v4SPD16_eabi.lib</file>
         <name>args_main.c.obj</name>
      </input_file>
      <input_file id="fl-e0">
         <path>C:\ti\tivaware_c_series_2_1_4_178\driverlib\ccs\Debug\</path>
         <kind>archive</kind>
         <file>driverlib.lib</file>
         <name>gpio.obj</name>
      </input_file>
      <input_file id="fl-e1">
         <path>C:\ti\tivaware_c_series_2_1_4_178\driverlib\ccs\Debug\</path>
         <kind>archive</kind>
         <file>driverlib.lib</file>
         <name>hibernate.obj</name>
      </input_file>
      <input_file id="fl-e2">
         <path>C:\ti\tivaware_c_series_2_1_4_178\driverlib\ccs\Debug\</path>
         <kind>archive</kind>
         <file>driverlib.lib</file>
         <name>i2c.obj</name>
      </input_file>
      <input_file id="fl-e3">
         <path>C:\ti\tivaware_c_series_2_1_4_178\driverlib\ccs\Debug\</path>
         <kind>archive</kind>
         <file>driverlib.lib</file>
         <name>interrupt.obj</name>
      </input_file>
      <input_file id="fl-e4">
         <path>C:\ti\tivaware_c_series_2_1_4_178\driverlib\ccs\Debug\</path>
         <kind>archive</kind>
         <file>driverlib.lib</file>
         <name>sysctl.obj</name>
      </input_file>
      <input_file id="fl-e5">
         <path>C:\ti\tivaware_c_series_2_1_4_178\driverlib\ccs\Debug\</path>
         <kind>archive</kind>
         <file>driverlib.lib</file>
         <name>cpu.obj</name>
      </input_file>
   </input_file_list>
   <object_component_list>
      <object_component id="oc-12">
         <name>.intvecs</name>
         <load_address>0x0</load_address>
         <run_address>0x0</run_address>
         <size>0x26c</size>
         <input_file_ref idref="fl-b"/>
      </object_component>
      <object_component id="oc-40b">
         <name>.text:Active_state</name>
         <load_address>0x26c</load_address>
         <run_address>0x26c</run_address>
         <size>0x390</size>
         <input_file_ref idref="fl-2"/>
      </object_component>
      <object_component id="oc-3f2">
         <name>.text:keypadScan</name>
         <load_address>0x5fc</load_address>
         <run_address>0x5fc</run_address>
         <size>0x274</size>
         <input_file_ref idref="fl-6"/>
      </object_component>
      <object_component id="oc-4f2">
         <name>.text:Get_Time</name>
         <load_address>0x870</load_address>
         <run_address>0x870</run_address>
         <size>0x228</size>
         <input_file_ref idref="fl-3"/>
      </object_component>
      <object_component id="oc-4ec">
         <name>.text:Get_Date</name>
         <load_address>0xa98</load_address>
         <run_address>0xa98</run_address>
         <size>0x220</size>
         <input_file_ref idref="fl-3"/>
      </object_component>
      <object_component id="oc-2d2">
         <name>.text:State_Machine</name>
         <load_address>0xcb8</load_address>
         <run_address>0xcb8</run_address>
         <size>0x200</size>
         <input_file_ref idref="fl-9"/>
      </object_component>
      <object_component id="oc-41d">
         <name>.text:Set_Distance</name>
         <load_address>0xeb8</load_address>
         <run_address>0xeb8</run_address>
         <size>0x158</size>
         <input_file_ref idref="fl-3"/>
      </object_component>
      <object_component id="oc-417">
         <name>.text:Set_PIN</name>
         <load_address>0x1010</load_address>
         <run_address>0x1010</run_address>
         <size>0x14c</size>
         <input_file_ref idref="fl-3"/>
      </object_component>
      <object_component id="oc-423">
         <name>.text:Set_Timeout</name>
         <load_address>0x115c</load_address>
         <run_address>0x115c</run_address>
         <size>0x148</size>
         <input_file_ref idref="fl-3"/>
      </object_component>
      <object_component id="oc-53a">
         <name>.text:alarm_Triggered</name>
         <load_address>0x12a4</load_address>
         <run_address>0x12a4</run_address>
         <size>0x134</size>
         <input_file_ref idref="fl-4"/>
      </object_component>
      <object_component id="oc-33e">
         <name>.text:GPIOPadConfigSet</name>
         <load_address>0x13d8</load_address>
         <run_address>0x13d8</run_address>
         <size>0x132</size>
         <input_file_ref idref="fl-e0"/>
      </object_component>
      <object_component id="oc-33">
         <name>.text:FaultISR</name>
         <load_address>0x150a</load_address>
         <run_address>0x150a</run_address>
         <size>0x2</size>
         <input_file_ref idref="fl-b"/>
      </object_component>
      <object_component id="oc-4df">
         <name>.text:update_Date_Time</name>
         <load_address>0x150c</load_address>
         <run_address>0x150c</run_address>
         <size>0x11c</size>
         <input_file_ref idref="fl-2"/>
      </object_component>
      <object_component id="oc-129">
         <name>.text:xQueueGenericReceive</name>
         <load_address>0x1628</load_address>
         <run_address>0x1628</run_address>
         <size>0x118</size>
         <input_file_ref idref="fl-d"/>
      </object_component>
      <object_component id="oc-1f7">
         <name>.text:SysCtlClockGet</name>
         <load_address>0x1740</load_address>
         <run_address>0x1740</run_address>
         <size>0x110</size>
         <input_file_ref idref="fl-e4"/>
      </object_component>
      <object_component id="oc-cf">
         <name>.text:main</name>
         <load_address>0x1850</load_address>
         <run_address>0x1850</run_address>
         <size>0x10c</size>
         <input_file_ref idref="fl-a"/>
      </object_component>
      <object_component id="oc-9b">
         <name>.text:xTaskIncrementTick</name>
         <load_address>0x195c</load_address>
         <run_address>0x195c</run_address>
         <size>0x104</size>
         <input_file_ref idref="fl-e"/>
      </object_component>
      <object_component id="oc-2c4">
         <name>.text:xTaskGenericCreate</name>
         <load_address>0x1a60</load_address>
         <run_address>0x1a60</run_address>
         <size>0x100</size>
         <input_file_ref idref="fl-e"/>
      </object_component>
      <object_component id="oc-1e5">
         <name>.text:SysCtlClockSet</name>
         <load_address>0x1b60</load_address>
         <run_address>0x1b60</run_address>
         <size>0xf4</size>
         <input_file_ref idref="fl-e4"/>
      </object_component>
      <object_component id="oc-136">
         <name>.text:xQueueGenericSend</name>
         <load_address>0x1c54</load_address>
         <run_address>0x1c54</run_address>
         <size>0xe8</size>
         <input_file_ref idref="fl-d"/>
      </object_component>
      <object_component id="oc-279">
         <name>.text:xTaskResumeAll</name>
         <load_address>0x1d3c</load_address>
         <run_address>0x1d3c</run_address>
         <size>0xe4</size>
         <input_file_ref idref="fl-e"/>
      </object_component>
      <object_component id="oc-590">
         <name>.text:update_Trigger_Date_Time</name>
         <load_address>0x1e20</load_address>
         <run_address>0x1e20</run_address>
         <size>0xd8</size>
         <input_file_ref idref="fl-2"/>
      </object_component>
      <object_component id="oc-3f">
         <name>.text</name>
         <load_address>0x1ef8</load_address>
         <run_address>0x1ef8</run_address>
         <size>0xd2</size>
         <input_file_ref idref="fl-10"/>
      </object_component>
      <object_component id="oc-39">
         <name>.text:IntDefaultHandler</name>
         <load_address>0x1fca</load_address>
         <run_address>0x1fca</run_address>
         <size>0x2</size>
         <input_file_ref idref="fl-b"/>
      </object_component>
      <object_component id="oc-11d">
         <name>.text:init_system</name>
         <load_address>0x1fcc</load_address>
         <run_address>0x1fcc</run_address>
         <size>0xd0</size>
         <input_file_ref idref="fl-5"/>
      </object_component>
      <object_component id="oc-436">
         <name>.text:get_value_sonar</name>
         <load_address>0x209c</load_address>
         <run_address>0x209c</run_address>
         <size>0xb8</size>
         <input_file_ref idref="fl-4"/>
      </object_component>
      <object_component id="oc-3ff">
         <name>.text:check_PIN</name>
         <load_address>0x2154</load_address>
         <run_address>0x2154</run_address>
         <size>0xac</size>
         <input_file_ref idref="fl-2"/>
      </object_component>
      <object_component id="oc-246">
         <name>.text:pvPortMalloc</name>
         <load_address>0x2200</load_address>
         <run_address>0x2200</run_address>
         <size>0xac</size>
         <input_file_ref idref="fl-11"/>
      </object_component>
      <object_component id="oc-58">
         <name>.text</name>
         <load_address>0x22ac</load_address>
         <run_address>0x22ac</run_address>
         <size>0x9c</size>
         <input_file_ref idref="fl-ce"/>
      </object_component>
      <object_component id="oc-411">
         <name>.text:DateTimeSet</name>
         <load_address>0x2348</load_address>
         <run_address>0x2348</run_address>
         <size>0x94</size>
         <input_file_ref idref="fl-3"/>
      </object_component>
      <object_component id="oc-285">
         <name>.text:vTaskPriorityInherit</name>
         <load_address>0x23dc</load_address>
         <run_address>0x23dc</run_address>
         <size>0x90</size>
         <input_file_ref idref="fl-e"/>
      </object_component>
      <object_component id="oc-3f8">
         <name>.text:vTaskDelayUntil</name>
         <load_address>0x246c</load_address>
         <run_address>0x246c</run_address>
         <size>0x84</size>
         <input_file_ref idref="fl-e"/>
      </object_component>
      <object_component id="oc-3d2">
         <name>.text:xQueueGenericReset</name>
         <load_address>0x24f0</load_address>
         <run_address>0x24f0</run_address>
         <size>0x84</size>
         <input_file_ref idref="fl-d"/>
      </object_component>
      <object_component id="oc-c3">
         <name>.text</name>
         <load_address>0x2574</load_address>
         <run_address>0x2574</run_address>
         <size>0x7a</size>
         <input_file_ref idref="fl-cf"/>
      </object_component>
      <object_component id="oc-2d">
         <name>.text:NmiSR</name>
         <load_address>0x25ee</load_address>
         <run_address>0x25ee</run_address>
         <size>0x2</size>
         <input_file_ref idref="fl-b"/>
      </object_component>
      <object_component id="oc-233">
         <name>.text:start_I2C</name>
         <load_address>0x25f0</load_address>
         <run_address>0x25f0</run_address>
         <size>0x78</size>
         <input_file_ref idref="fl-4"/>
      </object_component>
      <object_component id="oc-3cb">
         <name>.text:xTaskPriorityDisinherit</name>
         <load_address>0x2668</load_address>
         <run_address>0x2668</run_address>
         <size>0x78</size>
         <input_file_ref idref="fl-e"/>
      </object_component>
      <object_component id="oc-29d">
         <name>.text:xTaskRemoveFromEventList</name>
         <load_address>0x26e0</load_address>
         <run_address>0x26e0</run_address>
         <size>0x74</size>
         <input_file_ref idref="fl-e"/>
      </object_component>
      <object_component id="oc-2b7">
         <name>.text:prvCopyDataToQueue</name>
         <load_address>0x2754</load_address>
         <run_address>0x2754</run_address>
         <size>0x72</size>
         <input_file_ref idref="fl-d"/>
      </object_component>
      <object_component id="oc-4e5">
         <name>.text:show_Trigger_Date_Time</name>
         <load_address>0x27c8</load_address>
         <run_address>0x27c8</run_address>
         <size>0x70</size>
         <input_file_ref idref="fl-2"/>
      </object_component>
      <object_component id="oc-50f">
         <name>.text:ltoa</name>
         <load_address>0x2838</load_address>
         <run_address>0x2838</run_address>
         <size>0x6e</size>
         <input_file_ref idref="fl-d6"/>
      </object_component>
      <object_component id="oc-15">
         <name>.text:decompress:lzss:__TI_decompress_lzss</name>
         <load_address>0x28a6</load_address>
         <run_address>0x28a6</run_address>
         <size>0x68</size>
         <input_file_ref idref="fl-d3"/>
      </object_component>
      <object_component id="oc-23f">
         <name>.text:Lcd_Init</name>
         <load_address>0x2910</load_address>
         <run_address>0x2910</run_address>
         <size>0x64</size>
         <input_file_ref idref="fl-7"/>
      </object_component>
      <object_component id="oc-28b">
         <name>.text:vTaskPlaceOnEventList</name>
         <load_address>0x2974</load_address>
         <run_address>0x2974</run_address>
         <size>0x64</size>
         <input_file_ref idref="fl-e"/>
      </object_component>
      <object_component id="oc-273">
         <name>.text:prvUnlockQueue</name>
         <load_address>0x29d8</load_address>
         <run_address>0x29d8</run_address>
         <size>0x62</size>
         <input_file_ref idref="fl-d"/>
      </object_component>
      <object_component id="oc-3eb">
         <name>.text:prvInitialiseTaskLists</name>
         <load_address>0x2a3c</load_address>
         <run_address>0x2a3c</run_address>
         <size>0x60</size>
         <input_file_ref idref="fl-e"/>
      </object_component>
      <object_component id="oc-14e">
         <name>.text:vTaskStartScheduler</name>
         <load_address>0x2a9c</load_address>
         <run_address>0x2a9c</run_address>
         <size>0x60</size>
         <input_file_ref idref="fl-e"/>
      </object_component>
      <object_component id="oc-2aa">
         <name>.text:Lcd_Write_Char</name>
         <load_address>0x2afc</load_address>
         <run_address>0x2afc</run_address>
         <size>0x5c</size>
         <input_file_ref idref="fl-7"/>
      </object_component>
      <object_component id="oc-2cb">
         <name>.text:KeyboardTask</name>
         <load_address>0x2b58</load_address>
         <run_address>0x2b58</run_address>
         <size>0x58</size>
         <input_file_ref idref="fl-6"/>
      </object_component>
      <object_component id="oc-444">
         <name>.text:prvCheckTasksWaitingTermination</name>
         <load_address>0x2bb0</load_address>
         <run_address>0x2bb0</run_address>
         <size>0x58</size>
         <input_file_ref idref="fl-e"/>
      </object_component>
      <object_component id="oc-94">
         <name>.text:vTaskSwitchContext</name>
         <load_address>0x2c08</load_address>
         <run_address>0x2c08</run_address>
         <size>0x58</size>
         <input_file_ref idref="fl-e"/>
      </object_component>
      <object_component id="oc-3df">
         <name>.text:prvInitialiseTCBVariables</name>
         <load_address>0x2c60</load_address>
         <run_address>0x2c60</run_address>
         <size>0x56</size>
         <input_file_ref idref="fl-e"/>
      </object_component>
      <object_component id="oc-37a">
         <name>.text:Lcd_Port</name>
         <load_address>0x2cb8</load_address>
         <run_address>0x2cb8</run_address>
         <size>0x54</size>
         <input_file_ref idref="fl-7"/>
      </object_component>
      <object_component id="oc-26d">
         <name>.text:xTaskCheckForTimeOut</name>
         <load_address>0x2d0c</load_address>
         <run_address>0x2d0c</run_address>
         <size>0x54</size>
         <input_file_ref idref="fl-e"/>
      </object_component>
      <object_component id="oc-13c">
         <name>.text:KeyboardTaskInit</name>
         <load_address>0x2d60</load_address>
         <run_address>0x2d60</run_address>
         <size>0x50</size>
         <input_file_ref idref="fl-6"/>
      </object_component>
      <object_component id="oc-34e">
         <name>.text:SysCtlPeripheralReset</name>
         <load_address>0x2db0</load_address>
         <run_address>0x2db0</run_address>
         <size>0x50</size>
         <input_file_ref idref="fl-e4"/>
      </object_component>
      <object_component id="oc-596">
         <name>.text:pwm0_start</name>
         <load_address>0x2e00</load_address>
         <run_address>0x2e00</run_address>
         <size>0x50</size>
         <input_file_ref idref="fl-8"/>
      </object_component>
      <object_component id="oc-123">
         <name>.text:xQueueCreateMutex</name>
         <load_address>0x2e50</load_address>
         <run_address>0x2e50</run_address>
         <size>0x4e</size>
         <input_file_ref idref="fl-d"/>
      </object_component>
      <object_component id="oc-366">
         <name>.text:I2CMasterInitExpClk</name>
         <load_address>0x2ea0</load_address>
         <run_address>0x2ea0</run_address>
         <size>0x4c</size>
         <input_file_ref idref="fl-e2"/>
      </object_component>
      <object_component id="oc-506">
         <name>.text:atoi</name>
         <load_address>0x2eec</load_address>
         <run_address>0x2eec</run_address>
         <size>0x4c</size>
         <input_file_ref idref="fl-d4"/>
      </object_component>
      <object_component id="oc-3bb">
         <name>.text:prvAddCurrentTaskToDelayedList</name>
         <load_address>0x2f38</load_address>
         <run_address>0x2f38</run_address>
         <size>0x4c</size>
         <input_file_ref idref="fl-e"/>
      </object_component>
      <object_component id="oc-354">
         <name>.text:GPIOPinConfigure</name>
         <load_address>0x2f84</load_address>
         <run_address>0x2f84</run_address>
         <size>0x48</size>
         <input_file_ref idref="fl-e0"/>
      </object_component>
      <object_component id="oc-203">
         <name>.text:HibernateClockConfig</name>
         <load_address>0x2fcc</load_address>
         <run_address>0x2fcc</run_address>
         <size>0x48</size>
         <input_file_ref idref="fl-e1"/>
      </object_component>
      <object_component id="oc-173">
         <name>.text:__TI_auto_init_nobinit_nopinit:__TI_auto_init_nobinit_nopinit</name>
         <load_address>0x3014</load_address>
         <run_address>0x3014</run_address>
         <size>0x44</size>
         <input_file_ref idref="fl-da"/>
      </object_component>
      <object_component id="oc-4b0">
         <name>.text:vPortFree</name>
         <load_address>0x3058</load_address>
         <run_address>0x3058</run_address>
         <size>0x44</size>
         <input_file_ref idref="fl-11"/>
      </object_component>
      <object_component id="oc-380">
         <name>.text:Lcd_Cmd</name>
         <load_address>0x309c</load_address>
         <run_address>0x309c</run_address>
         <size>0x40</size>
         <input_file_ref idref="fl-7"/>
      </object_component>
      <object_component id="oc-239">
         <name>.text:pwm0_init</name>
         <load_address>0x30dc</load_address>
         <run_address>0x30dc</run_address>
         <size>0x40</size>
         <input_file_ref idref="fl-8"/>
      </object_component>
      <object_component id="oc-2e5">
         <name>.text:xPortStartScheduler</name>
         <load_address>0x311c</load_address>
         <run_address>0x311c</run_address>
         <size>0x40</size>
         <input_file_ref idref="fl-f"/>
      </object_component>
      <object_component id="oc-142">
         <name>.text:StateMachineTaskInit</name>
         <load_address>0x315c</load_address>
         <run_address>0x315c</run_address>
         <size>0x3c</size>
         <input_file_ref idref="fl-9"/>
      </object_component>
      <object_component id="oc-2be">
         <name>.text:xQueueGenericCreate</name>
         <load_address>0x3198</load_address>
         <run_address>0x3198</run_address>
         <size>0x3c</size>
         <input_file_ref idref="fl-d"/>
      </object_component>
      <object_component id="oc-3d9">
         <name>.text:prvAllocateTCBAndStack</name>
         <load_address>0x31d4</load_address>
         <run_address>0x31d4</run_address>
         <size>0x3a</size>
         <input_file_ref idref="fl-e"/>
      </object_component>
      <object_component id="oc-148">
         <name>.text:SonarTaskInit</name>
         <load_address>0x3210</load_address>
         <run_address>0x3210</run_address>
         <size>0x38</size>
         <input_file_ref idref="fl-4"/>
      </object_component>
      <object_component id="oc-1f1">
         <name>.text:SysCtlPeripheralReady</name>
         <load_address>0x3248</load_address>
         <run_address>0x3248</run_address>
         <size>0x38</size>
         <input_file_ref idref="fl-e4"/>
      </object_component>
      <object_component id="oc-3b5">
         <name>.text:vListInsert</name>
         <load_address>0x3280</load_address>
         <run_address>0x3280</run_address>
         <size>0x38</size>
         <input_file_ref idref="fl-c"/>
      </object_component>
      <object_component id="oc-1eb">
         <name>.text:SysCtlPeripheralEnable</name>
         <load_address>0x32b8</load_address>
         <run_address>0x32b8</run_address>
         <size>0x34</size>
         <input_file_ref idref="fl-e4"/>
      </object_component>
      <object_component id="oc-76">
         <name>.text:_c_int00_noargs:_c_int00_noargs</name>
         <load_address>0x32ec</load_address>
         <run_address>0x32ec</run_address>
         <size>0x34</size>
         <input_file_ref idref="fl-d8"/>
      </object_component>
      <object_component id="oc-516">
         <name>.text:measure_sonar</name>
         <load_address>0x3320</load_address>
         <run_address>0x3320</run_address>
         <size>0x30</size>
         <input_file_ref idref="fl-4"/>
      </object_component>
      <object_component id="oc-387">
         <name>.text:prvHeapInit</name>
         <load_address>0x3350</load_address>
         <run_address>0x3350</run_address>
         <size>0x30</size>
         <input_file_ref idref="fl-11"/>
      </object_component>
      <object_component id="oc-4f8">
         <name>.text:HibernateRTCSet</name>
         <load_address>0x3380</load_address>
         <run_address>0x3380</run_address>
         <size>0x2c</size>
         <input_file_ref idref="fl-e1"/>
      </object_component>
      <object_component id="oc-44">
         <name>.text:xPortSysTickHandler</name>
         <load_address>0x33ac</load_address>
         <run_address>0x33ac</run_address>
         <size>0x2c</size>
         <input_file_ref idref="fl-f"/>
      </object_component>
      <object_component id="oc-344">
         <name>.text:GPIODirModeSet</name>
         <load_address>0x33d8</load_address>
         <run_address>0x33d8</run_address>
         <size>0x2a</size>
         <input_file_ref idref="fl-e0"/>
      </object_component>
      <object_component id="oc-f0">
         <name>.text:prvResetNextTaskUnblockTime</name>
         <load_address>0x3404</load_address>
         <run_address>0x3404</run_address>
         <size>0x28</size>
         <input_file_ref idref="fl-e"/>
      </object_component>
      <object_component id="oc-3e5">
         <name>.text:pxPortInitialiseStack</name>
         <load_address>0x342c</load_address>
         <run_address>0x342c</run_address>
         <size>0x28</size>
         <input_file_ref idref="fl-f"/>
      </object_component>
      <object_component id="oc-291">
         <name>.text:prvCopyDataFromQueue</name>
         <load_address>0x3454</load_address>
         <run_address>0x3454</run_address>
         <size>0x26</size>
         <input_file_ref idref="fl-d"/>
      </object_component>
      <object_component id="oc-4fe">
         <name>.text:Lcd_Write_Integer2</name>
         <load_address>0x347a</load_address>
         <run_address>0x347a</run_address>
         <size>0x22</size>
         <input_file_ref idref="fl-7"/>
      </object_component>
      <object_component id="oc-429">
         <name>.text:Lcd_Write_Integer</name>
         <load_address>0x349c</load_address>
         <run_address>0x349c</run_address>
         <size>0x22</size>
         <input_file_ref idref="fl-7"/>
      </object_component>
      <object_component id="oc-373">
         <name>.text:PWMGenConfigure</name>
         <load_address>0x34be</load_address>
         <run_address>0x34be</run_address>
         <size>0x22</size>
         <input_file_ref idref="fl-8"/>
      </object_component>
      <object_component id="oc-f6">
         <name>.text:uxListRemove</name>
         <load_address>0x34e0</load_address>
         <run_address>0x34e0</run_address>
         <size>0x20</size>
         <input_file_ref idref="fl-c"/>
      </object_component>
      <object_component id="oc-5b6">
         <name>.text:PWMPulseWidthSet</name>
         <load_address>0x3500</load_address>
         <run_address>0x3500</run_address>
         <size>0x1e</size>
         <input_file_ref idref="fl-8"/>
      </object_component>
      <object_component id="oc-2b1">
         <name>.text:prvIsQueueFull</name>
         <load_address>0x351e</load_address>
         <run_address>0x351e</run_address>
         <size>0x1c</size>
         <input_file_ref idref="fl-d"/>
      </object_component>
      <object_component id="oc-267">
         <name>.text:vPortEnterCritical</name>
         <load_address>0x353c</load_address>
         <run_address>0x353c</run_address>
         <size>0x1c</size>
         <input_file_ref idref="fl-f"/>
      </object_component>
      <object_component id="oc-27f">
         <name>.text:prvIsQueueEmpty</name>
         <load_address>0x3558</load_address>
         <run_address>0x3558</run_address>
         <size>0x1a</size>
         <input_file_ref idref="fl-d"/>
      </object_component>
      <object_component id="oc-221">
         <name>.text:GPIOPinTypeGPIOOutput</name>
         <load_address>0x3572</load_address>
         <run_address>0x3572</run_address>
         <size>0x18</size>
         <input_file_ref idref="fl-e0"/>
      </object_component>
      <object_component id="oc-215">
         <name>.text:HibernateIntStatus</name>
         <load_address>0x358c</load_address>
         <run_address>0x358c</run_address>
         <size>0x18</size>
         <input_file_ref idref="fl-e1"/>
      </object_component>
      <object_component id="oc-12f">
         <name>.text:Lcd_Write_String</name>
         <load_address>0x35a4</load_address>
         <run_address>0x35a4</run_address>
         <size>0x18</size>
         <input_file_ref idref="fl-7"/>
      </object_component>
      <object_component id="oc-297">
         <name>.text:pvTaskIncrementMutexHeldCount</name>
         <load_address>0x35bc</load_address>
         <run_address>0x35bc</run_address>
         <size>0x18</size>
         <input_file_ref idref="fl-e"/>
      </object_component>
      <object_component id="oc-fc">
         <name>.text:vListInsertEnd</name>
         <load_address>0x35d4</load_address>
         <run_address>0x35d4</run_address>
         <size>0x18</size>
         <input_file_ref idref="fl-c"/>
      </object_component>
      <object_component id="oc-25b">
         <name>.text:vPortExitCritical</name>
         <load_address>0x35ec</load_address>
         <run_address>0x35ec</run_address>
         <size>0x18</size>
         <input_file_ref idref="fl-f"/>
      </object_component>
      <object_component id="oc-255">
         <name>.text:vTaskSetTimeOutState</name>
         <load_address>0x3604</load_address>
         <run_address>0x3604</run_address>
         <size>0x18</size>
         <input_file_ref idref="fl-e"/>
      </object_component>
      <object_component id="oc-24c">
         <name>.text:vListInitialise</name>
         <load_address>0x361c</load_address>
         <run_address>0x361c</run_address>
         <size>0x16</size>
         <input_file_ref idref="fl-c"/>
      </object_component>
      <object_component id="oc-1fd">
         <name>.text:HibernateEnableExpClk</name>
         <load_address>0x3634</load_address>
         <run_address>0x3634</run_address>
         <size>0x14</size>
         <input_file_ref idref="fl-e1"/>
      </object_component>
      <object_component id="oc-21b">
         <name>.text:HibernateIntClear</name>
         <load_address>0x3648</load_address>
         <run_address>0x3648</run_address>
         <size>0x14</size>
         <input_file_ref idref="fl-e1"/>
      </object_component>
      <object_component id="oc-20f">
         <name>.text:HibernateRTCEnable</name>
         <load_address>0x365c</load_address>
         <run_address>0x365c</run_address>
         <size>0x14</size>
         <input_file_ref idref="fl-e1"/>
      </object_component>
      <object_component id="oc-534">
         <name>.text:Lcd_Write_String2</name>
         <load_address>0x3670</load_address>
         <run_address>0x3670</run_address>
         <size>0x14</size>
         <input_file_ref idref="fl-7"/>
      </object_component>
      <object_component id="oc-57c">
         <name>.text:strcpy</name>
         <load_address>0x3684</load_address>
         <run_address>0x3684</run_address>
         <size>0x14</size>
         <input_file_ref idref="fl-d7"/>
      </object_component>
      <object_component id="oc-43d">
         <name>.text:vPortSetupTimerInterrupt</name>
         <load_address>0x3698</load_address>
         <run_address>0x3698</run_address>
         <size>0x14</size>
         <input_file_ref idref="fl-f"/>
      </object_component>
      <object_component id="oc-227">
         <name>.text:GPIOPinTypeGPIOInput</name>
         <load_address>0x36ac</load_address>
         <run_address>0x36ac</run_address>
         <size>0x12</size>
         <input_file_ref idref="fl-e0"/>
      </object_component>
      <object_component id="oc-360">
         <name>.text:GPIOPinTypeI2C</name>
         <load_address>0x36be</load_address>
         <run_address>0x36be</run_address>
         <size>0x12</size>
         <input_file_ref idref="fl-e0"/>
      </object_component>
      <object_component id="oc-35a">
         <name>.text:GPIOPinTypeI2CSCL</name>
         <load_address>0x36d0</load_address>
         <run_address>0x36d0</run_address>
         <size>0x12</size>
         <input_file_ref idref="fl-e0"/>
      </object_component>
      <object_component id="oc-36d">
         <name>.text:GPIOPinTypePWM</name>
         <load_address>0x36e2</load_address>
         <run_address>0x36e2</run_address>
         <size>0x12</size>
         <input_file_ref idref="fl-e0"/>
      </object_component>
      <object_component id="oc-5b0">
         <name>.text:PWMGenPeriodGet</name>
         <load_address>0x36f4</load_address>
         <run_address>0x36f4</run_address>
         <size>0x12</size>
         <input_file_ref idref="fl-8"/>
      </object_component>
      <object_component id="oc-4d8">
         <name>.text:PWMOutputState</name>
         <load_address>0x3706</load_address>
         <run_address>0x3706</run_address>
         <size>0x12</size>
         <input_file_ref idref="fl-8"/>
      </object_component>
      <object_component id="oc-542">
         <name>.text:prvDeleteTCB</name>
         <load_address>0x3718</load_address>
         <run_address>0x3718</run_address>
         <size>0x12</size>
         <input_file_ref idref="fl-e"/>
      </object_component>
      <object_component id="oc-2a4">
         <name>.text:Lcd_Clear</name>
         <load_address>0x372a</load_address>
         <run_address>0x372a</run_address>
         <size>0x10</size>
         <input_file_ref idref="fl-7"/>
      </object_component>
      <object_component id="oc-5aa">
         <name>.text:PWMGenPeriodSet</name>
         <load_address>0x373a</load_address>
         <run_address>0x373a</run_address>
         <size>0x10</size>
         <input_file_ref idref="fl-8"/>
      </object_component>
      <object_component id="oc-2d9">
         <name>.text:SonarTask</name>
         <load_address>0x374a</load_address>
         <run_address>0x374a</run_address>
         <size>0x10</size>
         <input_file_ref idref="fl-4"/>
      </object_component>
      <object_component id="oc-331">
         <name>.text:_HibernateWriteComplete</name>
         <load_address>0x375c</load_address>
         <run_address>0x375c</run_address>
         <size>0x10</size>
         <input_file_ref idref="fl-e1"/>
      </object_component>
      <object_component id="oc-4be">
         <name>.text:prvTaskExitError</name>
         <load_address>0x376c</load_address>
         <run_address>0x376c</run_address>
         <size>0x10</size>
         <input_file_ref idref="fl-f"/>
      </object_component>
      <object_component id="oc-405">
         <name>.text:pwm0_stop</name>
         <load_address>0x377c</load_address>
         <run_address>0x377c</run_address>
         <size>0x10</size>
         <input_file_ref idref="fl-8"/>
      </object_component>
      <object_component id="oc-261">
         <name>.text:vTaskSuspendAll</name>
         <load_address>0x378c</load_address>
         <run_address>0x378c</run_address>
         <size>0x10</size>
         <input_file_ref idref="fl-e"/>
      </object_component>
      <object_component id="oc-1b">
         <name>.text:decompress:none:__TI_decompress_none</name>
         <load_address>0x379c</load_address>
         <run_address>0x379c</run_address>
         <size>0xe</size>
         <input_file_ref idref="fl-d2"/>
      </object_component>
      <object_component id="oc-209">
         <name>.text:HibernateCounterMode</name>
         <load_address>0x37ac</load_address>
         <run_address>0x37ac</run_address>
         <size>0xc</size>
         <input_file_ref idref="fl-e1"/>
      </object_component>
      <object_component id="oc-56a">
         <name>.text:HibernateRTCGet</name>
         <load_address>0x37b8</load_address>
         <run_address>0x37b8</run_address>
         <size>0xc</size>
         <input_file_ref idref="fl-e1"/>
      </object_component>
      <object_component id="oc-5bc">
         <name>.text:PWMGenEnable</name>
         <load_address>0x37c4</load_address>
         <run_address>0x37c4</run_address>
         <size>0xc</size>
         <input_file_ref idref="fl-8"/>
      </object_component>
      <object_component id="oc-6a">
         <name>.text:decompress:ZI:__TI_zero_init</name>
         <load_address>0x37d0</load_address>
         <run_address>0x37d0</run_address>
         <size>0xc</size>
         <input_file_ref idref="fl-d1"/>
      </object_component>
      <object_component id="oc-3a8">
         <name>.text:vTaskMissedYield</name>
         <load_address>0x37dc</load_address>
         <run_address>0x37dc</run_address>
         <size>0xc</size>
         <input_file_ref idref="fl-e"/>
      </object_component>
      <object_component id="oc-488">
         <name>.text:I2CMasterEnable</name>
         <load_address>0x37e8</load_address>
         <run_address>0x37e8</run_address>
         <size>0xa</size>
         <input_file_ref idref="fl-e2"/>
      </object_component>
      <object_component id="oc-528">
         <name>.text:I2CMasterBusy</name>
         <load_address>0x37f2</load_address>
         <run_address>0x37f2</run_address>
         <size>0x8</size>
         <input_file_ref idref="fl-e2"/>
      </object_component>
      <object_component id="oc-51c">
         <name>.text:I2CMasterSlaveAddrSet</name>
         <load_address>0x37fa</load_address>
         <run_address>0x37fa</run_address>
         <size>0x8</size>
         <input_file_ref idref="fl-e2"/>
      </object_component>
      <object_component id="oc-2eb">
         <name>.text:prvIdleTask</name>
         <load_address>0x3802</load_address>
         <run_address>0x3802</run_address>
         <size>0x8</size>
         <input_file_ref idref="fl-e"/>
      </object_component>
      <object_component id="oc-4cf">
         <name>.text:GPIOPinRead</name>
         <load_address>0x380a</load_address>
         <run_address>0x380a</run_address>
         <size>0x6</size>
         <input_file_ref idref="fl-e0"/>
      </object_component>
      <object_component id="oc-22d">
         <name>.text:GPIOPinWrite</name>
         <load_address>0x3810</load_address>
         <run_address>0x3810</run_address>
         <size>0x6</size>
         <input_file_ref idref="fl-e0"/>
      </object_component>
      <object_component id="oc-27">
         <name>.text:ResetISR</name>
         <load_address>0x3816</load_address>
         <run_address>0x3816</run_address>
         <size>0x6</size>
         <input_file_ref idref="fl-b"/>
      </object_component>
      <object_component id="oc-135">
         <name>.text:SysCtlDelay</name>
         <load_address>0x381c</load_address>
         <run_address>0x381c</run_address>
         <size>0x6</size>
         <input_file_ref idref="fl-e4"/>
      </object_component>
      <object_component id="oc-4b7">
         <name>.text:vListInitialiseItem</name>
         <load_address>0x3822</load_address>
         <run_address>0x3822</run_address>
         <size>0x6</size>
         <input_file_ref idref="fl-c"/>
      </object_component>
      <object_component id="oc-522">
         <name>.text:I2CMasterControl</name>
         <load_address>0x3828</load_address>
         <run_address>0x3828</run_address>
         <size>0x4</size>
         <input_file_ref idref="fl-e2"/>
      </object_component>
      <object_component id="oc-52e">
         <name>.text:I2CMasterDataGet</name>
         <load_address>0x382c</load_address>
         <run_address>0x382c</run_address>
         <size>0x4</size>
         <input_file_ref idref="fl-e2"/>
      </object_component>
      <object_component id="oc-584">
         <name>.text:I2CMasterDataPut</name>
         <load_address>0x3830</load_address>
         <run_address>0x3830</run_address>
         <size>0x4</size>
         <input_file_ref idref="fl-e2"/>
      </object_component>
      <object_component id="oc-c9">
         <name>.text:_system_pre_init</name>
         <load_address>0x3834</load_address>
         <run_address>0x3834</run_address>
         <size>0x4</size>
         <input_file_ref idref="fl-db"/>
      </object_component>
      <object_component id="oc-167">
         <name>.text:abort:abort</name>
         <load_address>0x3838</load_address>
         <run_address>0x3838</run_address>
         <size>0x4</size>
         <input_file_ref idref="fl-dd"/>
      </object_component>
      <object_component id="oc-577">
         <name>.const:.string:_ctypes_</name>
         <load_address>0x383c</load_address>
         <run_address>0x383c</run_address>
         <size>0x101</size>
         <input_file_ref idref="fl-d5"/>
      </object_component>
      <object_component id="oc-482">
         <name>.const:g_pui32GPIOBaseAddrs</name>
         <load_address>0x3940</load_address>
         <run_address>0x3940</run_address>
         <size>0x90</size>
         <input_file_ref idref="fl-e0"/>
      </object_component>
      <object_component id="oc-32d">
         <name>.const:g_pui32Xtals</name>
         <load_address>0x39d0</load_address>
         <run_address>0x39d0</run_address>
         <size>0x6c</size>
         <input_file_ref idref="fl-e4"/>
      </object_component>
      <object_component id="oc-91">
         <name>.const</name>
         <load_address>0x3a3c</load_address>
         <run_address>0x3a3c</run_address>
         <size>0x4</size>
         <input_file_ref idref="fl-f"/>
      </object_component>
      <object_component id="oc-5f6">
         <name>.cinit..data.load</name>
         <load_address>0x3a40</load_address>
         <run_address>0x3a40</run_address>
         <size>0xf</size>
      </object_component>
      <object_component id="oc-5f4">
         <name>__TI_handler_table</name>
         <load_address>0x3a50</load_address>
         <run_address>0x3a50</run_address>
         <size>0xc</size>
      </object_component>
      <object_component id="oc-5f7">
         <name>.cinit..bss.load</name>
         <load_address>0x3a60</load_address>
         <run_address>0x3a60</run_address>
         <size>0x8</size>
      </object_component>
      <object_component id="oc-5f5">
         <name>__TI_cinit_table</name>
         <load_address>0x3a68</load_address>
         <run_address>0x3a68</run_address>
         <size>0x10</size>
      </object_component>
      <object_component id="oc-8e">
         <name>.data</name>
         <load_address>0x20007958</load_address>
         <run_address>0x20007958</run_address>
         <size>0x30</size>
         <input_file_ref idref="fl-e"/>
      </object_component>
      <object_component id="oc-3a1">
         <name>.data</name>
         <load_address>0x20007990</load_address>
         <run_address>0x20007990</run_address>
         <size>0x4</size>
         <input_file_ref idref="fl-f"/>
      </object_component>
      <object_component id="oc-38d">
         <name>.data</name>
         <load_address>0x20007988</load_address>
         <run_address>0x20007988</run_address>
         <size>0x8</size>
         <input_file_ref idref="fl-11"/>
      </object_component>
      <object_component id="oc-ec">
         <name>.bss:pxReadyTasksLists</name>
         <uninitialized>true</uninitialized>
         <run_address>0x20007530</run_address>
         <size>0x140</size>
         <input_file_ref idref="fl-e"/>
      </object_component>
      <object_component id="oc-4c5">
         <name>.bss:xDelayedTaskList1</name>
         <uninitialized>true</uninitialized>
         <run_address>0x200076b8</run_address>
         <size>0x14</size>
         <input_file_ref idref="fl-e"/>
      </object_component>
      <object_component id="oc-4c8">
         <name>.bss:xDelayedTaskList2</name>
         <uninitialized>true</uninitialized>
         <run_address>0x200076cc</run_address>
         <size>0x14</size>
         <input_file_ref idref="fl-e"/>
      </object_component>
      <object_component id="oc-102">
         <name>.bss</name>
         <uninitialized>true</uninitialized>
         <run_address>0x2000771c</run_address>
         <size>0x8</size>
         <input_file_ref idref="fl-e"/>
      </object_component>
      <object_component id="oc-3af">
         <name>.bss:xPendingReadyList</name>
         <uninitialized>true</uninitialized>
         <run_address>0x200076e0</run_address>
         <size>0x14</size>
         <input_file_ref idref="fl-e"/>
      </object_component>
      <object_component id="oc-4cb">
         <name>.bss:xTasksWaitingTermination</name>
         <uninitialized>true</uninitialized>
         <run_address>0x20007708</run_address>
         <size>0x14</size>
         <input_file_ref idref="fl-e"/>
      </object_component>
      <object_component id="oc-3c1">
         <name>.bss:xSuspendedTaskList</name>
         <uninitialized>true</uninitialized>
         <run_address>0x200076f4</run_address>
         <size>0x14</size>
         <input_file_ref idref="fl-e"/>
      </object_component>
      <object_component id="oc-494">
         <name>.bss:ucHeap</name>
         <uninitialized>true</uninitialized>
         <run_address>0x20000000</run_address>
         <size>0x7530</size>
         <input_file_ref idref="fl-11"/>
      </object_component>
      <object_component id="oc-390">
         <name>.bss:xStart</name>
         <uninitialized>true</uninitialized>
         <run_address>0x2000772c</run_address>
         <size>0x8</size>
         <input_file_ref idref="fl-11"/>
      </object_component>
      <object_component id="oc-393">
         <name>.bss:xEnd</name>
         <uninitialized>true</uninitialized>
         <run_address>0x20007724</run_address>
         <size>0x8</size>
         <input_file_ref idref="fl-11"/>
      </object_component>
      <object_component id="oc-504">
         <name>.common:sTime</name>
         <uninitialized>true</uninitialized>
         <run_address>0x20007670</run_address>
         <size>0x24</size>
      </object_component>
      <object_component id="oc-571">
         <name>.common:sTrigger</name>
         <uninitialized>true</uninitialized>
         <run_address>0x20007694</run_address>
         <size>0x24</size>
      </object_component>
      <object_component id="oc-42f">
         <name>.common:istate</name>
         <uninitialized>true</uninitialized>
         <run_address>0x2000774c</run_address>
         <size>0x4</size>
      </object_component>
      <object_component id="oc-433">
         <name>.common:iPIN</name>
         <uninitialized>true</uninitialized>
         <run_address>0x20007744</run_address>
         <size>0x4</size>
      </object_component>
      <object_component id="oc-430">
         <name>.common:alarm_armed</name>
         <uninitialized>true</uninitialized>
         <run_address>0x20007734</run_address>
         <size>0x4</size>
      </object_component>
      <object_component id="oc-431">
         <name>.common:itimeout</name>
         <uninitialized>true</uninitialized>
         <run_address>0x20007750</run_address>
         <size>0x4</size>
      </object_component>
      <object_component id="oc-432">
         <name>.common:itrigger_distance</name>
         <uninitialized>true</uninitialized>
         <run_address>0x20007754</run_address>
         <size>0x4</size>
      </object_component>
      <object_component id="oc-434">
         <name>.common:ialarm_fired</name>
         <uninitialized>true</uninitialized>
         <run_address>0x20007748</run_address>
         <size>0x4</size>
      </object_component>
      <object_component id="oc-154">
         <name>.common:g_pLCDSemaphore</name>
         <uninitialized>true</uninitialized>
         <run_address>0x20007740</run_address>
         <size>0x4</size>
      </object_component>
      <object_component id="oc-165">
         <name>.common:g_pAlarmTriggerSemaphore</name>
         <uninitialized>true</uninitialized>
         <run_address>0x20007738</run_address>
         <size>0x4</size>
      </object_component>
      <object_component id="oc-2ca">
         <name>.common:g_pKEYBOARDQueue</name>
         <uninitialized>true</uninitialized>
         <run_address>0x2000773c</run_address>
         <size>0x4</size>
      </object_component>
      <object_component id="oc-24">
         <name>.stack</name>
         <uninitialized>true</uninitialized>
         <run_address>0x20007758</run_address>
         <size>0x4</size>
         <input_file_ref idref="fl-d8"/>
      </object_component>
      <object_component id="oc-5f9">
         <name>.stack</name>
         <uninitialized>true</uninitialized>
         <run_address>0x20007758</run_address>
         <size>0x0</size>
      </object_component>
      <object_component id="oc-10b">
         <name>.debug_info</name>
         <load_address>0x0</load_address>
         <run_address>0x0</run_address>
         <size>0x6c6</size>
         <input_file_ref idref="fl-2"/>
      </object_component>
      <object_component id="oc-591">
         <name>.debug_info</name>
         <load_address>0x6c6</load_address>
         <run_address>0x6c6</run_address>
         <size>0x1fb</size>
         <input_file_ref idref="fl-2"/>
      </object_component>
      <object_component id="oc-4e0">
         <name>.debug_info</name>
         <load_address>0x8c1</load_address>
         <run_address>0x8c1</run_address>
         <size>0x30c</size>
         <input_file_ref idref="fl-2"/>
      </object_component>
      <object_component id="oc-4e6">
         <name>.debug_info</name>
         <load_address>0xbcd</load_address>
         <run_address>0xbcd</run_address>
         <size>0x2f1</size>
         <input_file_ref idref="fl-2"/>
      </object_component>
      <object_component id="oc-400">
         <name>.debug_info</name>
         <load_address>0xebe</load_address>
         <run_address>0xebe</run_address>
         <size>0x234</size>
         <input_file_ref idref="fl-2"/>
      </object_component>
      <object_component id="oc-40c">
         <name>.debug_info</name>
         <load_address>0x10f2</load_address>
         <run_address>0x10f2</run_address>
         <size>0x58c</size>
         <input_file_ref idref="fl-2"/>
      </object_component>
      <object_component id="oc-1b1">
         <name>.debug_info</name>
         <load_address>0x167e</load_address>
         <run_address>0x167e</run_address>
         <size>0x2ef</size>
         <input_file_ref idref="fl-2"/>
      </object_component>
      <object_component id="oc-a4">
         <name>.debug_info</name>
         <load_address>0x196d</load_address>
         <run_address>0x196d</run_address>
         <size>0x26b</size>
         <input_file_ref idref="fl-2"/>
      </object_component>
      <object_component id="oc-1a7">
         <name>.debug_info</name>
         <load_address>0x1bd8</load_address>
         <run_address>0x1bd8</run_address>
         <size>0x110</size>
         <input_file_ref idref="fl-2"/>
      </object_component>
      <object_component id="oc-1d6">
         <name>.debug_info</name>
         <load_address>0x1ce8</load_address>
         <run_address>0x1ce8</run_address>
         <size>0x189</size>
         <input_file_ref idref="fl-2"/>
      </object_component>
      <object_component id="oc-53">
         <name>.debug_info</name>
         <load_address>0x1e71</load_address>
         <run_address>0x1e71</run_address>
         <size>0x84</size>
         <input_file_ref idref="fl-2"/>
      </object_component>
      <object_component id="oc-1e0">
         <name>.debug_info</name>
         <load_address>0x1ef5</load_address>
         <run_address>0x1ef5</run_address>
         <size>0x46</size>
         <input_file_ref idref="fl-2"/>
      </object_component>
      <object_component id="oc-1db">
         <name>.debug_info</name>
         <load_address>0x1f3b</load_address>
         <run_address>0x1f3b</run_address>
         <size>0x2c</size>
         <input_file_ref idref="fl-2"/>
      </object_component>
      <object_component id="oc-1b6">
         <name>.debug_info</name>
         <load_address>0x1f67</load_address>
         <run_address>0x1f67</run_address>
         <size>0x2c</size>
         <input_file_ref idref="fl-2"/>
      </object_component>
      <object_component id="oc-106">
         <name>.debug_info</name>
         <load_address>0x1f93</load_address>
         <run_address>0x1f93</run_address>
         <size>0x2a4</size>
         <input_file_ref idref="fl-2"/>
      </object_component>
      <object_component id="oc-a9">
         <name>.debug_info</name>
         <load_address>0x2237</load_address>
         <run_address>0x2237</run_address>
         <size>0xbb</size>
         <input_file_ref idref="fl-2"/>
      </object_component>
      <object_component id="oc-e4">
         <name>.debug_info</name>
         <load_address>0x22f2</load_address>
         <run_address>0x22f2</run_address>
         <size>0x53</size>
         <input_file_ref idref="fl-2"/>
      </object_component>
      <object_component id="oc-1c0">
         <name>.debug_info</name>
         <load_address>0x2345</load_address>
         <run_address>0x2345</run_address>
         <size>0x35</size>
         <input_file_ref idref="fl-2"/>
      </object_component>
      <object_component id="oc-1c5">
         <name>.debug_info</name>
         <load_address>0x237a</load_address>
         <run_address>0x237a</run_address>
         <size>0x14c</size>
         <input_file_ref idref="fl-2"/>
      </object_component>
      <object_component id="oc-155">
         <name>.debug_info</name>
         <load_address>0x24c6</load_address>
         <run_address>0x24c6</run_address>
         <size>0x6b8</size>
         <input_file_ref idref="fl-3"/>
      </object_component>
      <object_component id="oc-424">
         <name>.debug_info</name>
         <load_address>0x2b7e</load_address>
         <run_address>0x2b7e</run_address>
         <size>0x283</size>
         <input_file_ref idref="fl-3"/>
      </object_component>
      <object_component id="oc-419">
         <name>.debug_info</name>
         <load_address>0x2e01</load_address>
         <run_address>0x2e01</run_address>
         <size>0x286</size>
         <input_file_ref idref="fl-3"/>
      </object_component>
      <object_component id="oc-41e">
         <name>.debug_info</name>
         <load_address>0x3087</load_address>
         <run_address>0x3087</run_address>
         <size>0x2a6</size>
         <input_file_ref idref="fl-3"/>
      </object_component>
      <object_component id="oc-4f4">
         <name>.debug_info</name>
         <load_address>0x332d</load_address>
         <run_address>0x332d</run_address>
         <size>0x3d9</size>
         <input_file_ref idref="fl-3"/>
      </object_component>
      <object_component id="oc-4ed">
         <name>.debug_info</name>
         <load_address>0x3706</load_address>
         <run_address>0x3706</run_address>
         <size>0x3ce</size>
         <input_file_ref idref="fl-3"/>
      </object_component>
      <object_component id="oc-412">
         <name>.debug_info</name>
         <load_address>0x3ad4</load_address>
         <run_address>0x3ad4</run_address>
         <size>0x315</size>
         <input_file_ref idref="fl-3"/>
      </object_component>
      <object_component id="oc-157">
         <name>.debug_info</name>
         <load_address>0x3de9</load_address>
         <run_address>0x3de9</run_address>
         <size>0xb10</size>
         <input_file_ref idref="fl-4"/>
      </object_component>
      <object_component id="oc-234">
         <name>.debug_info</name>
         <load_address>0x48f9</load_address>
         <run_address>0x48f9</run_address>
         <size>0x252</size>
         <input_file_ref idref="fl-4"/>
      </object_component>
      <object_component id="oc-517">
         <name>.debug_info</name>
         <load_address>0x4b4b</load_address>
         <run_address>0x4b4b</run_address>
         <size>0x184</size>
         <input_file_ref idref="fl-4"/>
      </object_component>
      <object_component id="oc-53d">
         <name>.debug_info</name>
         <load_address>0x4ccf</load_address>
         <run_address>0x4ccf</run_address>
         <size>0x317</size>
         <input_file_ref idref="fl-4"/>
      </object_component>
      <object_component id="oc-439">
         <name>.debug_info</name>
         <load_address>0x4fe6</load_address>
         <run_address>0x4fe6</run_address>
         <size>0x29a</size>
         <input_file_ref idref="fl-4"/>
      </object_component>
      <object_component id="oc-14b">
         <name>.debug_info</name>
         <load_address>0x5280</load_address>
         <run_address>0x5280</run_address>
         <size>0x143</size>
         <input_file_ref idref="fl-4"/>
      </object_component>
      <object_component id="oc-2dc">
         <name>.debug_info</name>
         <load_address>0x53c3</load_address>
         <run_address>0x53c3</run_address>
         <size>0x187</size>
         <input_file_ref idref="fl-4"/>
      </object_component>
      <object_component id="oc-2e0">
         <name>.debug_info</name>
         <load_address>0x554a</load_address>
         <run_address>0x554a</run_address>
         <size>0x8b</size>
         <input_file_ref idref="fl-4"/>
      </object_component>
      <object_component id="oc-159">
         <name>.debug_info</name>
         <load_address>0x55d5</load_address>
         <run_address>0x55d5</run_address>
         <size>0x7f1</size>
         <input_file_ref idref="fl-5"/>
      </object_component>
      <object_component id="oc-121">
         <name>.debug_info</name>
         <load_address>0x5dc6</load_address>
         <run_address>0x5dc6</run_address>
         <size>0x380</size>
         <input_file_ref idref="fl-5"/>
      </object_component>
      <object_component id="oc-15b">
         <name>.debug_info</name>
         <load_address>0x6146</load_address>
         <run_address>0x6146</run_address>
         <size>0x73d</size>
         <input_file_ref idref="fl-6"/>
      </object_component>
      <object_component id="oc-3f5">
         <name>.debug_info</name>
         <load_address>0x6883</load_address>
         <run_address>0x6883</run_address>
         <size>0x4dc</size>
         <input_file_ref idref="fl-6"/>
      </object_component>
      <object_component id="oc-13d">
         <name>.debug_info</name>
         <load_address>0x6d5f</load_address>
         <run_address>0x6d5f</run_address>
         <size>0x15d</size>
         <input_file_ref idref="fl-6"/>
      </object_component>
      <object_component id="oc-2cc">
         <name>.debug_info</name>
         <load_address>0x6ebc</load_address>
         <run_address>0x6ebc</run_address>
         <size>0x1ee</size>
         <input_file_ref idref="fl-6"/>
      </object_component>
      <object_component id="oc-15d">
         <name>.debug_info</name>
         <load_address>0x70aa</load_address>
         <run_address>0x70aa</run_address>
         <size>0x565</size>
         <input_file_ref idref="fl-7"/>
      </object_component>
      <object_component id="oc-37b">
         <name>.debug_info</name>
         <load_address>0x760f</load_address>
         <run_address>0x760f</run_address>
         <size>0x169</size>
         <input_file_ref idref="fl-7"/>
      </object_component>
      <object_component id="oc-2ab">
         <name>.debug_info</name>
         <load_address>0x7778</load_address>
         <run_address>0x7778</run_address>
         <size>0x1ca</size>
         <input_file_ref idref="fl-7"/>
      </object_component>
      <object_component id="oc-535">
         <name>.debug_info</name>
         <load_address>0x7942</load_address>
         <run_address>0x7942</run_address>
         <size>0x139</size>
         <input_file_ref idref="fl-7"/>
      </object_component>
      <object_component id="oc-381">
         <name>.debug_info</name>
         <load_address>0x7a7b</load_address>
         <run_address>0x7a7b</run_address>
         <size>0x187</size>
         <input_file_ref idref="fl-7"/>
      </object_component>
      <object_component id="oc-2a5">
         <name>.debug_info</name>
         <load_address>0x7c02</load_address>
         <run_address>0x7c02</run_address>
         <size>0x125</size>
         <input_file_ref idref="fl-7"/>
      </object_component>
      <object_component id="oc-130">
         <name>.debug_info</name>
         <load_address>0x7d27</load_address>
         <run_address>0x7d27</run_address>
         <size>0x152</size>
         <input_file_ref idref="fl-7"/>
      </object_component>
      <object_component id="oc-4ff">
         <name>.debug_info</name>
         <load_address>0x7e79</load_address>
         <run_address>0x7e79</run_address>
         <size>0x164</size>
         <input_file_ref idref="fl-7"/>
      </object_component>
      <object_component id="oc-42a">
         <name>.debug_info</name>
         <load_address>0x7fdd</load_address>
         <run_address>0x7fdd</run_address>
         <size>0x161</size>
         <input_file_ref idref="fl-7"/>
      </object_component>
      <object_component id="oc-240">
         <name>.debug_info</name>
         <load_address>0x813e</load_address>
         <run_address>0x813e</run_address>
         <size>0x1d8</size>
         <input_file_ref idref="fl-7"/>
      </object_component>
      <object_component id="oc-15f">
         <name>.debug_info</name>
         <load_address>0x8316</load_address>
         <run_address>0x8316</run_address>
         <size>0x650</size>
         <input_file_ref idref="fl-8"/>
      </object_component>
      <object_component id="oc-4d9">
         <name>.debug_info</name>
         <load_address>0x8966</load_address>
         <run_address>0x8966</run_address>
         <size>0x212</size>
         <input_file_ref idref="fl-8"/>
      </object_component>
      <object_component id="oc-406">
         <name>.debug_info</name>
         <load_address>0x8b78</load_address>
         <run_address>0x8b78</run_address>
         <size>0x119</size>
         <input_file_ref idref="fl-8"/>
      </object_component>
      <object_component id="oc-5ab">
         <name>.debug_info</name>
         <load_address>0x8c91</load_address>
         <run_address>0x8c91</run_address>
         <size>0x204</size>
         <input_file_ref idref="fl-8"/>
      </object_component>
      <object_component id="oc-5b7">
         <name>.debug_info</name>
         <load_address>0x8e95</load_address>
         <run_address>0x8e95</run_address>
         <size>0x244</size>
         <input_file_ref idref="fl-8"/>
      </object_component>
      <object_component id="oc-5b1">
         <name>.debug_info</name>
         <load_address>0x90d9</load_address>
         <run_address>0x90d9</run_address>
         <size>0x1ce</size>
         <input_file_ref idref="fl-8"/>
      </object_component>
      <object_component id="oc-5bd">
         <name>.debug_info</name>
         <load_address>0x92a7</load_address>
         <run_address>0x92a7</run_address>
         <size>0x1c4</size>
         <input_file_ref idref="fl-8"/>
      </object_component>
      <object_component id="oc-597">
         <name>.debug_info</name>
         <load_address>0x946b</load_address>
         <run_address>0x946b</run_address>
         <size>0x1fb</size>
         <input_file_ref idref="fl-8"/>
      </object_component>
      <object_component id="oc-374">
         <name>.debug_info</name>
         <load_address>0x9666</load_address>
         <run_address>0x9666</run_address>
         <size>0x201</size>
         <input_file_ref idref="fl-8"/>
      </object_component>
      <object_component id="oc-23a">
         <name>.debug_info</name>
         <load_address>0x9867</load_address>
         <run_address>0x9867</run_address>
         <size>0x185</size>
         <input_file_ref idref="fl-8"/>
      </object_component>
      <object_component id="oc-161">
         <name>.debug_info</name>
         <load_address>0x99ec</load_address>
         <run_address>0x99ec</run_address>
         <size>0x792</size>
         <input_file_ref idref="fl-9"/>
      </object_component>
      <object_component id="oc-2d4">
         <name>.debug_info</name>
         <load_address>0xa17e</load_address>
         <run_address>0xa17e</run_address>
         <size>0x3e7</size>
         <input_file_ref idref="fl-9"/>
      </object_component>
      <object_component id="oc-143">
         <name>.debug_info</name>
         <load_address>0xa565</load_address>
         <run_address>0xa565</run_address>
         <size>0x15a</size>
         <input_file_ref idref="fl-9"/>
      </object_component>
      <object_component id="oc-163">
         <name>.debug_info</name>
         <load_address>0xa6bf</load_address>
         <run_address>0xa6bf</run_address>
         <size>0x6e2</size>
         <input_file_ref idref="fl-a"/>
      </object_component>
      <object_component id="oc-d0">
         <name>.debug_info</name>
         <load_address>0xada1</load_address>
         <run_address>0xada1</run_address>
         <size>0x2d8</size>
         <input_file_ref idref="fl-a"/>
      </object_component>
      <object_component id="oc-4c">
         <name>.debug_info</name>
         <load_address>0xb079</load_address>
         <run_address>0xb079</run_address>
         <size>0x330</size>
         <input_file_ref idref="fl-b"/>
      </object_component>
      <object_component id="oc-13">
         <name>.debug_info</name>
         <load_address>0xb3a9</load_address>
         <run_address>0xb3a9</run_address>
         <size>0xef</size>
         <input_file_ref idref="fl-b"/>
      </object_component>
      <object_component id="oc-28">
         <name>.debug_info</name>
         <load_address>0xb498</load_address>
         <run_address>0xb498</run_address>
         <size>0x11f</size>
         <input_file_ref idref="fl-b"/>
      </object_component>
      <object_component id="oc-2e">
         <name>.debug_info</name>
         <load_address>0xb5b7</load_address>
         <run_address>0xb5b7</run_address>
         <size>0x110</size>
         <input_file_ref idref="fl-b"/>
      </object_component>
      <object_component id="oc-3a">
         <name>.debug_info</name>
         <load_address>0xb6c7</load_address>
         <run_address>0xb6c7</run_address>
         <size>0x128</size>
         <input_file_ref idref="fl-b"/>
      </object_component>
      <object_component id="oc-35">
         <name>.debug_info</name>
         <load_address>0xb7ef</load_address>
         <run_address>0xb7ef</run_address>
         <size>0x116</size>
         <input_file_ref idref="fl-b"/>
      </object_component>
      <object_component id="oc-1d0">
         <name>.debug_info</name>
         <load_address>0xb905</load_address>
         <run_address>0xb905</run_address>
         <size>0x30d</size>
         <input_file_ref idref="fl-c"/>
      </object_component>
      <object_component id="oc-fe">
         <name>.debug_info</name>
         <load_address>0xbc12</load_address>
         <run_address>0xbc12</run_address>
         <size>0x24e</size>
         <input_file_ref idref="fl-c"/>
      </object_component>
      <object_component id="oc-3b6">
         <name>.debug_info</name>
         <load_address>0xbe60</load_address>
         <run_address>0xbe60</run_address>
         <size>0x279</size>
         <input_file_ref idref="fl-c"/>
      </object_component>
      <object_component id="oc-4b8">
         <name>.debug_info</name>
         <load_address>0xc0d9</load_address>
         <run_address>0xc0d9</run_address>
         <size>0x1fb</size>
         <input_file_ref idref="fl-c"/>
      </object_component>
      <object_component id="oc-24d">
         <name>.debug_info</name>
         <load_address>0xc2d4</load_address>
         <run_address>0xc2d4</run_address>
         <size>0x1f3</size>
         <input_file_ref idref="fl-c"/>
      </object_component>
      <object_component id="oc-f7">
         <name>.debug_info</name>
         <load_address>0xc4c7</load_address>
         <run_address>0xc4c7</run_address>
         <size>0x226</size>
         <input_file_ref idref="fl-c"/>
      </object_component>
      <object_component id="oc-253">
         <name>.debug_info</name>
         <load_address>0xc6ed</load_address>
         <run_address>0xc6ed</run_address>
         <size>0x7a4</size>
         <input_file_ref idref="fl-d"/>
      </object_component>
      <object_component id="oc-274">
         <name>.debug_info</name>
         <load_address>0xce91</load_address>
         <run_address>0xce91</run_address>
         <size>0x2c8</size>
         <input_file_ref idref="fl-d"/>
      </object_component>
      <object_component id="oc-280">
         <name>.debug_info</name>
         <load_address>0xd159</load_address>
         <run_address>0xd159</run_address>
         <size>0x248</size>
         <input_file_ref idref="fl-d"/>
      </object_component>
      <object_component id="oc-292">
         <name>.debug_info</name>
         <load_address>0xd3a1</load_address>
         <run_address>0xd3a1</run_address>
         <size>0x245</size>
         <input_file_ref idref="fl-d"/>
      </object_component>
      <object_component id="oc-12a">
         <name>.debug_info</name>
         <load_address>0xd5e6</load_address>
         <run_address>0xd5e6</run_address>
         <size>0x571</size>
         <input_file_ref idref="fl-d"/>
      </object_component>
      <object_component id="oc-2b2">
         <name>.debug_info</name>
         <load_address>0xdb57</load_address>
         <run_address>0xdb57</run_address>
         <size>0x246</size>
         <input_file_ref idref="fl-d"/>
      </object_component>
      <object_component id="oc-2b8">
         <name>.debug_info</name>
         <load_address>0xdd9d</load_address>
         <run_address>0xdd9d</run_address>
         <size>0x2ae</size>
         <input_file_ref idref="fl-d"/>
      </object_component>
      <object_component id="oc-137">
         <name>.debug_info</name>
         <load_address>0xe04b</load_address>
         <run_address>0xe04b</run_address>
         <size>0x4e1</size>
         <input_file_ref idref="fl-d"/>
      </object_component>
      <object_component id="oc-3d3">
         <name>.debug_info</name>
         <load_address>0xe52c</load_address>
         <run_address>0xe52c</run_address>
         <size>0x2cc</size>
         <input_file_ref idref="fl-d"/>
      </object_component>
      <object_component id="oc-2bf">
         <name>.debug_info</name>
         <load_address>0xe7f8</load_address>
         <run_address>0xe7f8</run_address>
         <size>0x32a</size>
         <input_file_ref idref="fl-d"/>
      </object_component>
      <object_component id="oc-124">
         <name>.debug_info</name>
         <load_address>0xeb22</load_address>
         <run_address>0xeb22</run_address>
         <size>0x289</size>
         <input_file_ref idref="fl-d"/>
      </object_component>
      <object_component id="oc-39b">
         <name>.debug_info</name>
         <load_address>0xedab</load_address>
         <run_address>0xedab</run_address>
         <size>0x1cd</size>
         <input_file_ref idref="fl-d"/>
      </object_component>
      <object_component id="oc-e3">
         <name>.debug_info</name>
         <load_address>0xef78</load_address>
         <run_address>0xef78</run_address>
         <size>0x72d</size>
         <input_file_ref idref="fl-e"/>
      </object_component>
      <object_component id="oc-8f">
         <name>.debug_info</name>
         <load_address>0xf6a5</load_address>
         <run_address>0xf6a5</run_address>
         <size>0x331</size>
         <input_file_ref idref="fl-e"/>
      </object_component>
      <object_component id="oc-ed">
         <name>.debug_info</name>
         <load_address>0xf9d6</load_address>
         <run_address>0xf9d6</run_address>
         <size>0x12d</size>
         <input_file_ref idref="fl-e"/>
      </object_component>
      <object_component id="oc-4c6">
         <name>.debug_info</name>
         <load_address>0xfb03</load_address>
         <run_address>0xfb03</run_address>
         <size>0x12d</size>
         <input_file_ref idref="fl-e"/>
      </object_component>
      <object_component id="oc-4c9">
         <name>.debug_info</name>
         <load_address>0xfc30</load_address>
         <run_address>0xfc30</run_address>
         <size>0x12d</size>
         <input_file_ref idref="fl-e"/>
      </object_component>
      <object_component id="oc-103">
         <name>.debug_info</name>
         <load_address>0xfd5d</load_address>
         <run_address>0xfd5d</run_address>
         <size>0x16f</size>
         <input_file_ref idref="fl-e"/>
      </object_component>
      <object_component id="oc-3b0">
         <name>.debug_info</name>
         <load_address>0xfecc</load_address>
         <run_address>0xfecc</run_address>
         <size>0x12d</size>
         <input_file_ref idref="fl-e"/>
      </object_component>
      <object_component id="oc-4cc">
         <name>.debug_info</name>
         <load_address>0xfff9</load_address>
         <run_address>0xfff9</run_address>
         <size>0x13b</size>
         <input_file_ref idref="fl-e"/>
      </object_component>
      <object_component id="oc-3c2">
         <name>.debug_info</name>
         <load_address>0x10134</load_address>
         <run_address>0x10134</run_address>
         <size>0x12f</size>
         <input_file_ref idref="fl-e"/>
      </object_component>
      <object_component id="oc-f1">
         <name>.debug_info</name>
         <load_address>0x10263</load_address>
         <run_address>0x10263</run_address>
         <size>0x1f9</size>
         <input_file_ref idref="fl-e"/>
      </object_component>
      <object_component id="oc-9c">
         <name>.debug_info</name>
[...]
         <object_component_ref idref="oc-436"/>
      </symbol>
      <symbol id="sm-22f">
         <name>init_system</name>
         <value>0x1fcd</value>
         <object_component_ref idref="oc-11d"/>
      </symbol>
      <symbol id="sm-27d">
         <name>KeyboardTask</name>
         <value>0x2b59</value>
         <object_component_ref idref="oc-2cb"/>
      </symbol>
      <symbol id="sm-27e">
         <name>keypadScan</name>
         <value>0x5fd</value>
         <object_component_ref idref="oc-3f2"/>
      </symbol>
      <symbol id="sm-27f">
         <name>KeyboardTaskInit</name>
         <value>0x2d61</value>
         <object_component_ref idref="oc-13c"/>
      </symbol>
      <symbol id="sm-2dc">
         <name>Lcd_Write_Char</name>
         <value>0x2afd</value>
         <object_component_ref idref="oc-2aa"/>
      </symbol>
      <symbol id="sm-2dd">
         <name>Lcd_Write_Integer</name>
         <value>0x349d</value>
         <object_component_ref idref="oc-429"/>
      </symbol>
      <symbol id="sm-2de">
         <name>Lcd_Write_String2</name>
         <value>0x3671</value>
         <object_component_ref idref="oc-534"/>
      </symbol>
      <symbol id="sm-2df">
         <name>Lcd_Port</name>
         <value>0x2cb9</value>
         <object_component_ref idref="oc-37a"/>
      </symbol>
      <symbol id="sm-2e0">
         <name>Lcd_Write_String</name>
         <value>0x35a5</value>
         <object_component_ref idref="oc-12f"/>
      </symbol>
      <symbol id="sm-2e1">
         <name>Lcd_Clear</name>
         <value>0x372b</value>
         <object_component_ref idref="oc-2a4"/>
      </symbol>
      <symbol id="sm-2e2">
         <name>Lcd_Write_Integer2</name>
         <value>0x347b</value>
         <object_component_ref idref="oc-4fe"/>
      </symbol>
      <symbol id="sm-2e3">
         <name>Lcd_Init</name>
         <value>0x2911</value>
         <object_component_ref idref="oc-23f"/>
      </symbol>
      <symbol id="sm-2e4">
         <name>Lcd_Cmd</name>
         <value>0x309d</value>
         <object_component_ref idref="oc-380"/>
      </symbol>
      <symbol id="sm-33c">
         <name>PWMGenPeriodSet</name>
         <value>0x373b</value>
         <object_component_ref idref="oc-5aa"/>
      </symbol>
      <symbol id="sm-33d">
         <name>PWMPulseWidthSet</name>
         <value>0x3501</value>
         <object_component_ref idref="oc-5b6"/>
      </symbol>
      <symbol id="sm-33e">
         <name>pwm0_init</name>
         <value>0x30dd</value>
         <object_component_ref idref="oc-239"/>
      </symbol>
      <symbol id="sm-33f">
         <name>PWMGenPeriodGet</name>
         <value>0x36f5</value>
         <object_component_ref idref="oc-5b0"/>
      </symbol>
      <symbol id="sm-340">
         <name>pwm0_start</name>
         <value>0x2e01</value>
         <object_component_ref idref="oc-596"/>
      </symbol>
      <symbol id="sm-341">
         <name>PWMOutputState</name>
         <value>0x3707</value>
         <object_component_ref idref="oc-4d8"/>
      </symbol>
      <symbol id="sm-342">
         <name>PWMGenEnable</name>
         <value>0x37c5</value>
         <object_component_ref idref="oc-5bc"/>
      </symbol>
      <symbol id="sm-343">
         <name>PWMGenConfigure</name>
         <value>0x34bf</value>
         <object_component_ref idref="oc-373"/>
      </symbol>
      <symbol id="sm-344">
         <name>pwm0_stop</name>
         <value>0x377d</value>
         <object_component_ref idref="oc-405"/>
      </symbol>
      <symbol id="sm-37e">
         <name>StateMachineTaskInit</name>
         <value>0x315d</value>
         <object_component_ref idref="oc-142"/>
      </symbol>
      <symbol id="sm-37f">
         <name>State_Machine</name>
         <value>0xcb9</value>
         <object_component_ref idref="oc-2d2"/>
      </symbol>
      <symbol id="sm-39c">
         <name>main</name>
         <value>0x1851</value>
         <object_component_ref idref="oc-cf"/>
      </symbol>
      <symbol id="sm-3cd">
         <name>ResetISR</name>
         <value>0x3817</value>
         <object_component_ref idref="oc-27"/>
      </symbol>
      <symbol id="sm-3ce">
         <name>g_pfnVectors</name>
         <value>0x0</value>
         <object_component_ref idref="oc-12"/>
      </symbol>
      <symbol id="sm-3fe">
         <name>uxListRemove</name>
         <value>0x34e1</value>
         <object_component_ref idref="oc-f6"/>
      </symbol>
      <symbol id="sm-3ff">
         <name>vListInsert</name>
         <value>0x3281</value>
         <object_component_ref idref="oc-3b5"/>
      </symbol>
      <symbol id="sm-400">
         <name>vListInitialiseItem</name>
         <value>0x3823</value>
         <object_component_ref idref="oc-4b7"/>
      </symbol>
      <symbol id="sm-401">
         <name>vListInsertEnd</name>
         <value>0x35d5</value>
         <object_component_ref idref="oc-fc"/>
      </symbol>
      <symbol id="sm-402">
         <name>vListInitialise</name>
         <value>0x361d</value>
         <object_component_ref idref="oc-24c"/>
      </symbol>
      <symbol id="sm-492">
         <name>xQueueGenericCreate</name>
         <value>0x3199</value>
         <object_component_ref idref="oc-2be"/>
      </symbol>
      <symbol id="sm-493">
         <name>xQueueCreateMutex</name>
         <value>0x2e51</value>
         <object_component_ref idref="oc-123"/>
      </symbol>
      <symbol id="sm-494">
         <name>xQueueGenericSend</name>
         <value>0x1c55</value>
         <object_component_ref idref="oc-136"/>
      </symbol>
      <symbol id="sm-495">
         <name>xQueueGenericReset</name>
         <value>0x24f1</value>
         <object_component_ref idref="oc-3d2"/>
      </symbol>
      <symbol id="sm-496">
         <name>xQueueGenericReceive</name>
         <value>0x1629</value>
         <object_component_ref idref="oc-129"/>
      </symbol>
      <symbol id="sm-64e">
         <name>vTaskSuspendAll</name>
         <value>0x378d</value>
         <object_component_ref idref="oc-261"/>
      </symbol>
      <symbol id="sm-64f">
         <name>vTaskPriorityInherit</name>
         <value>0x23dd</value>
         <object_component_ref idref="oc-285"/>
      </symbol>
      <symbol id="sm-650">
         <name>vTaskPlaceOnEventList</name>
         <value>0x2975</value>
         <object_component_ref idref="oc-28b"/>
      </symbol>
      <symbol id="sm-651">
         <name>xTaskCheckForTimeOut</name>
         <value>0x2d0d</value>
         <object_component_ref idref="oc-26d"/>
      </symbol>
      <symbol id="sm-652">
         <name>xTaskPriorityDisinherit</name>
         <value>0x2669</value>
         <object_component_ref idref="oc-3cb"/>
      </symbol>
      <symbol id="sm-653">
         <name>vTaskStartScheduler</name>
         <value>0x2a9d</value>
         <object_component_ref idref="oc-14e"/>
      </symbol>
      <symbol id="sm-654">
         <name>pvTaskIncrementMutexHeldCount</name>
         <value>0x35bd</value>
         <object_component_ref idref="oc-297"/>
      </symbol>
      <symbol id="sm-655">
         <name>vTaskDelayUntil</name>
         <value>0x246d</value>
         <object_component_ref idref="oc-3f8"/>
      </symbol>
      <symbol id="sm-656">
         <name>vTaskMissedYield</name>
         <value>0x37dd</value>
         <object_component_ref idref="oc-3a8"/>
      </symbol>
      <symbol id="sm-657">
         <name>xTaskResumeAll</name>
         <value>0x1d3d</value>
         <object_component_ref idref="oc-279"/>
      </symbol>
      <symbol id="sm-658">
         <name>xTaskGenericCreate</name>
         <value>0x1a61</value>
         <object_component_ref idref="oc-2c4"/>
      </symbol>
      <symbol id="sm-659">
         <name>pxCurrentTCB</name>
         <value>0x20007958</value>
         <object_component_ref idref="oc-8e"/>
      </symbol>
      <symbol id="sm-65a">
         <name>vTaskSetTimeOutState</name>
         <value>0x3605</value>
         <object_component_ref idref="oc-255"/>
      </symbol>
      <symbol id="sm-65b">
         <name>xTaskIncrementTick</name>
         <value>0x195d</value>
         <object_component_ref idref="oc-9b"/>
      </symbol>
      <symbol id="sm-65c">
         <name>vTaskSwitchContext</name>
         <value>0x2c09</value>
         <object_component_ref idref="oc-94"/>
      </symbol>
      <symbol id="sm-65d">
         <name>xTaskRemoveFromEventList</name>
         <value>0x26e1</value>
         <object_component_ref idref="oc-29d"/>
      </symbol>
      <symbol id="sm-6b7">
         <name>ulMaxSyscallInterruptPriority</name>
         <value>0x3a3c</value>
         <object_component_ref idref="oc-91"/>
      </symbol>
      <symbol id="sm-6b8">
         <name>vPortSetupTimerInterrupt</name>
         <value>0x3699</value>
         <object_component_ref idref="oc-43d"/>
      </symbol>
      <symbol id="sm-6b9">
         <name>xPortSysTickHandler</name>
         <value>0x33ad</value>
         <object_component_ref idref="oc-44"/>
      </symbol>
      <symbol id="sm-6ba">
         <name>pxPortInitialiseStack</name>
         <value>0x342d</value>
         <object_component_ref idref="oc-3e5"/>
      </symbol>
      <symbol id="sm-6bb">
         <name>vPortExitCritical</name>
         <value>0x35ed</value>
         <object_component_ref idref="oc-25b"/>
      </symbol>
      <symbol id="sm-6bc">
         <name>xPortStartScheduler</name>
         <value>0x311d</value>
         <object_component_ref idref="oc-2e5"/>
      </symbol>
      <symbol id="sm-6bd">
         <name>vPortEnterCritical</name>
         <value>0x353d</value>
         <object_component_ref idref="oc-267"/>
      </symbol>
      <symbol id="sm-6cc">
         <name>vPortStartFirstTask</name>
         <value>0x1fa1</value>
         <object_component_ref idref="oc-3f"/>
      </symbol>
      <symbol id="sm-6cd">
         <name>ulPortGetIPSR</name>
         <value>0x1f09</value>
         <object_component_ref idref="oc-3f"/>
      </symbol>
      <symbol id="sm-6ce">
         <name>vPortEnableVFP</name>
         <value>0x1fbd</value>
         <object_component_ref idref="oc-3f"/>
      </symbol>
      <symbol id="sm-6cf">
         <name>xPortPendSVHandler</name>
         <value>0x1f21</value>
         <object_component_ref idref="oc-3f"/>
      </symbol>
      <symbol id="sm-6d0">
         <name>vPortSVCHandler</name>
         <value>0x1f81</value>
         <object_component_ref idref="oc-3f"/>
      </symbol>
      <symbol id="sm-725">
         <name>pvPortMalloc</name>
         <value>0x2201</value>
         <object_component_ref idref="oc-246"/>
      </symbol>
      <symbol id="sm-726">
         <name>vPortFree</name>
         <value>0x3059</value>
         <object_component_ref idref="oc-4b0"/>
      </symbol>
      <symbol id="sm-743">
         <name>memcpy</name>
         <value>0x22ad</value>
         <object_component_ref idref="oc-58"/>
      </symbol>
      <symbol id="sm-744">
         <name>__aeabi_memcpy</name>
         <value>0x22ad</value>
         <object_component_ref idref="oc-58"/>
      </symbol>
      <symbol id="sm-745">
         <name>__aeabi_memcpy8</name>
         <value>0x22ad</value>
         <object_component_ref idref="oc-58"/>
      </symbol>
      <symbol id="sm-746">
         <name>__aeabi_memcpy4</name>
         <value>0x22ad</value>
         <object_component_ref idref="oc-58"/>
      </symbol>
      <symbol id="sm-755">
         <name>__aeabi_memset</name>
         <value>0x2577</value>
         <object_component_ref idref="oc-c3"/>
      </symbol>
      <symbol id="sm-756">
         <name>memset</name>
         <value>0x257d</value>
         <object_component_ref idref="oc-c3"/>
      </symbol>
      <symbol id="sm-757">
         <name>__aeabi_memset8</name>
         <value>0x2577</value>
         <object_component_ref idref="oc-c3"/>
      </symbol>
      <symbol id="sm-758">
         <name>__aeabi_memset4</name>
         <value>0x2577</value>
         <object_component_ref idref="oc-c3"/>
      </symbol>
      <symbol id="sm-759">
         <name>__aeabi_memclr8</name>
         <value>0x2575</value>
         <object_component_ref idref="oc-c3"/>
      </symbol>
      <symbol id="sm-75a">
         <name>__aeabi_memclr4</name>
         <value>0x2575</value>
         <object_component_ref idref="oc-c3"/>
      </symbol>
      <symbol id="sm-75b">
         <name>__aeabi_memclr</name>
         <value>0x2575</value>
         <object_component_ref idref="oc-c3"/>
      </symbol>
      <symbol id="sm-773">
         <name>__TI_zero_init</name>
         <value>0x37d1</value>
         <object_component_ref idref="oc-6a"/>
      </symbol>
      <symbol id="sm-78a">
         <name>__TI_decompress_none</name>
         <value>0x379d</value>
         <object_component_ref idref="oc-1b"/>
      </symbol>
      <symbol id="sm-7ad">
         <name>__TI_decompress_lzss</name>
         <value>0x28a7</value>
         <object_component_ref idref="oc-15"/>
      </symbol>
      <symbol id="sm-7c3">
         <name>atoi</name>
         <value>0x2eed</value>
         <object_component_ref idref="oc-506"/>
      </symbol>
      <symbol id="sm-7ce">
         <name>_ctypes_</name>
         <value>0x383c</value>
         <object_component_ref idref="oc-577"/>
      </symbol>
      <symbol id="sm-7df">
         <name>ltoa</name>
         <value>0x2839</value>
         <object_component_ref idref="oc-50f"/>
      </symbol>
      <symbol id="sm-7ed">
         <name>strcpy</name>
         <value>0x3685</value>
         <object_component_ref idref="oc-57c"/>
      </symbol>
      <symbol id="sm-800">
         <name>__stack</name>
         <value>0x20007758</value>
         <object_component_ref idref="oc-24"/>
      </symbol>
      <symbol id="sm-801">
         <name>_c_int00_noargs</name>
         <value>0x32ed</value>
         <object_component_ref idref="oc-76"/>
      </symbol>
      <symbol id="sm-82a">
         <name>__TI_auto_init_nobinit_nopinit</name>
         <value>0x3015</value>
         <object_component_ref idref="oc-173"/>
      </symbol>
      <symbol id="sm-834">
         <name>_system_pre_init</name>
         <value>0x3835</value>
         <object_component_ref idref="oc-c9"/>
      </symbol>
      <symbol id="sm-840">
         <name>C$$EXIT</name>
         <value>0x3839</value>
         <object_component_ref idref="oc-167"/>
      </symbol>
      <symbol id="sm-841">
         <name>abort</name>
         <value>0x3839</value>
         <object_component_ref idref="oc-167"/>
      </symbol>
      <symbol id="sm-8aa">
         <name>GPIOPinTypePWM</name>
         <value>0x36e3</value>
         <object_component_ref idref="oc-36d"/>
      </symbol>
      <symbol id="sm-8ab">
         <name>GPIOPinConfigure</name>
         <value>0x2f85</value>
         <object_component_ref idref="oc-354"/>
      </symbol>
      <symbol id="sm-8ac">
         <name>GPIOPinTypeI2CSCL</name>
         <value>0x36d1</value>
         <object_component_ref idref="oc-35a"/>
      </symbol>
      <symbol id="sm-8ad">
         <name>GPIOPinTypeI2C</name>
         <value>0x36bf</value>
         <object_component_ref idref="oc-360"/>
      </symbol>
      <symbol id="sm-8ae">
         <name>GPIOPinTypeGPIOInput</name>
         <value>0x36ad</value>
         <object_component_ref idref="oc-227"/>
      </symbol>
      <symbol id="sm-8af">
         <name>GPIOPinTypeGPIOOutput</name>
         <value>0x3573</value>
         <object_component_ref idref="oc-221"/>
      </symbol>
      <symbol id="sm-8b0">
         <name>GPIOPinRead</name>
         <value>0x380b</value>
         <object_component_ref idref="oc-4cf"/>
      </symbol>
      <symbol id="sm-8b1">
         <name>GPIODirModeSet</name>
         <value>0x33d9</value>
         <object_component_ref idref="oc-344"/>
      </symbol>
      <symbol id="sm-8b2">
         <name>GPIOPinWrite</name>
         <value>0x3811</value>
         <object_component_ref idref="oc-22d"/>
      </symbol>
      <symbol id="sm-8b3">
         <name>GPIOPadConfigSet</name>
         <value>0x13d9</value>
         <object_component_ref idref="oc-33e"/>
      </symbol>
      <symbol id="sm-91d">
         <name>HibernateIntClear</name>
         <value>0x3649</value>
         <object_component_ref idref="oc-21b"/>
      </symbol>
      <symbol id="sm-91e">
         <name>HibernateRTCSet</name>
         <value>0x3381</value>
         <object_component_ref idref="oc-4f8"/>
      </symbol>
      <symbol id="sm-91f">
         <name>HibernateEnableExpClk</name>
         <value>0x3635</value>
         <object_component_ref idref="oc-1fd"/>
      </symbol>
      <symbol id="sm-920">
         <name>HibernateCounterMode</name>
         <value>0x37ad</value>
         <object_component_ref idref="oc-209"/>
      </symbol>
      <symbol id="sm-921">
         <name>HibernateClockConfig</name>
         <value>0x2fcd</value>
         <object_component_ref idref="oc-203"/>
      </symbol>
      <symbol id="sm-922">
         <name>HibernateRTCEnable</name>
         <value>0x365d</value>
         <object_component_ref idref="oc-20f"/>
      </symbol>
      <symbol id="sm-923">
         <name>HibernateIntStatus</name>
         <value>0x358d</value>
         <object_component_ref idref="oc-215"/>
      </symbol>
      <symbol id="sm-924">
         <name>HibernateRTCGet</name>
         <value>0x37b9</value>
         <object_component_ref idref="oc-56a"/>
      </symbol>
      <symbol id="sm-965">
         <name>I2CMasterDataPut</name>
         <value>0x3831</value>
         <object_component_ref idref="oc-584"/>
      </symbol>
      <symbol id="sm-966">
         <name>I2CMasterInitExpClk</name>
         <value>0x2ea1</value>
         <object_component_ref idref="oc-366"/>
      </symbol>
      <symbol id="sm-967">
         <name>I2CMasterSlaveAddrSet</name>
         <value>0x37fb</value>
         <object_component_ref idref="oc-51c"/>
      </symbol>
      <symbol id="sm-968">
         <name>I2CMasterDataGet</name>
         <value>0x382d</value>
         <object_component_ref idref="oc-52e"/>
      </symbol>
      <symbol id="sm-969">
         <name>I2CMasterControl</name>
         <value>0x3829</value>
         <object_component_ref idref="oc-522"/>
      </symbol>
      <symbol id="sm-96a">
         <name>I2CMasterBusy</name>
         <value>0x37f3</value>
         <object_component_ref idref="oc-528"/>
      </symbol>
      <symbol id="sm-96b">
         <name>I2CMasterEnable</name>
         <value>0x37e9</value>
         <object_component_ref idref="oc-488"/>
      </symbol>
      <symbol id="sm-9d5">
         <name>SysCtlClockSet</name>
         <value>0x1b61</value>
         <object_component_ref idref="oc-1e5"/>
      </symbol>
      <symbol id="sm-9d6">
         <name>SysCtlDelay</name>
         <value>0x381d</value>
         <object_component_ref idref="oc-135"/>
      </symbol>
      <symbol id="sm-9d7">
         <name>SysCtlPeripheralEnable</name>
         <value>0x32b9</value>
         <object_component_ref idref="oc-1eb"/>
      </symbol>
      <symbol id="sm-9d8">
         <name>SysCtlClockGet</name>
         <value>0x1741</value>
         <object_component_ref idref="oc-1f7"/>
      </symbol>
      <symbol id="sm-9d9">
         <name>SysCtlPeripheralReady</name>
         <value>0x3249</value>
         <object_component_ref idref="oc-1f1"/>
      </symbol>
      <symbol id="sm-9da">
         <name>SysCtlPeripheralReset</name>
         <value>0x2db1</value>
         <object_component_ref idref="oc-34e"/>
      </symbol>
      <symbol id="sm-9dc">
         <name>__TI_static_base__</name>
         <value>0x0</value>
      </symbol>
      <symbol id="sm-9df">
         <name>__mpu_init</name>
         <value>0x0</value>
      </symbol>
      <symbol id="sm-9e0">
         <name>_system_post_cinit</name>
         <value>0x0</value>
      </symbol>
   </symbol_table>
   <title>Link successful</title>
</link_info>
